[www.devsnews.com/template/mindpress/mindpress/index.html]
[backblue.gif]
[fade.gif]
[index.html]
[www.devsnews.com/template/mindpress/mindpress/assets/img/favicon.ico]
[www.devsnews.com/template/mindpress/mindpress/assets/css/bootstrap.min.css]
[www.devsnews.com/template/mindpress/mindpress/assets/css/owl.carousel.min.css]
[www.devsnews.com/template/mindpress/mindpress/assets/css/animate.min.css]
[www.devsnews.com/template/mindpress/mindpress/assets/css/magnific-popup.css]
[www.devsnews.com/template/mindpress/mindpress/assets/css/fontawesome-all.min.css]
[www.devsnews.com/template/mindpress/mindpress/assets/css/themify-icons.css]
[www.devsnews.com/template/mindpress/mindpress/assets/css/meanmenu.css]
[www.devsnews.com/template/mindpress/mindpress/assets/css/slick.css]
[www.devsnews.com/template/mindpress/mindpress/assets/css/main.css]
[www.devsnews.com/template/mindpress/mindpress/assets/img/logo/logo.png]
[www.devsnews.com/template/mindpress/mindpress/index-2.html]
[www.devsnews.com/template/mindpress/mindpress/index-3.html]
[www.devsnews.com/template/mindpress/mindpress/index-4.html]
[www.devsnews.com/template/mindpress/mindpress/about.html]
[www.devsnews.com/template/mindpress/mindpress/services.html]
[www.devsnews.com/template/mindpress/mindpress/case.html]
[www.devsnews.com/template/mindpress/mindpress/case-details.html]
[www.devsnews.com/template/mindpress/mindpress/team.html]
[www.devsnews.com/template/mindpress/mindpress/team-details.html]
[www.devsnews.com/template/mindpress/mindpress/appointment.html]
[www.devsnews.com/template/mindpress/mindpress/faq.html]
[www.devsnews.com/template/mindpress/mindpress/contact.html]
[www.devsnews.com/template/mindpress/mindpress/blog.html]
[www.devsnews.com/template/mindpress/mindpress/blog-details.html]
[www.devsnews.com/template/mindpress/mindpress/assets/img/icon/bar.png]
[www.devsnews.com/template/mindpress/mindpress/assets/img/logo/white-logo.png]
[www.devsnews.com/template/mindpress/mindpress/assets/img/portfolio/p1.jpg]
[www.devsnews.com/template/mindpress/mindpress/assets/img/portfolio/p2.jpg]
[www.devsnews.com/template/mindpress/mindpress/assets/img/portfolio/p3.jpg]
[www.devsnews.com/template/mindpress/mindpress/assets/img/portfolio/p4.jpg]
[www.devsnews.com/template/mindpress/mindpress/assets/img/portfolio/p5.jpg]
[www.devsnews.com/template/mindpress/mindpress/assets/img/portfolio/p6.jpg]
[www.devsnews.com/template/mindpress/mindpress/assets/img/slider/01.jpg]
[www.devsnews.com/template/mindpress/mindpress/assets/img/bg/01.jpg]
[www.devsnews.com/template/mindpress/mindpress/assets/img/about/01.png]
[www.devsnews.com/template/mindpress/mindpress/assets/img/about/about.png]
[www.devsnews.com/template/mindpress/mindpress/assets/img/appointment/02.jpg]
[www.devsnews.com/template/mindpress/mindpress/assets/img/appointment/01.jpg]
[www.devsnews.com/template/mindpress/mindpress/assets/img/bg/02.jpg]
[www.devsnews.com/template/mindpress/mindpress/assets/img/brand/01.png]
[www.devsnews.com/template/mindpress/mindpress/assets/img/brand/02.png]
[www.devsnews.com/template/mindpress/mindpress/assets/img/brand/03.png]
[www.devsnews.com/template/mindpress/mindpress/assets/img/brand/04.png]
[www.devsnews.com/template/mindpress/mindpress/assets/img/case/01.jpg]
[www.devsnews.com/template/mindpress/mindpress/assets/img/case/02.jpg]
[www.devsnews.com/template/mindpress/mindpress/assets/img/case/03.jpg]
[www.devsnews.com/template/mindpress/mindpress/assets/img/case/04.jpg]
[www.devsnews.com/template/mindpress/mindpress/assets/img/case/05.jpg]
[www.devsnews.com/template/mindpress/mindpress/assets/img/bg/map.png]
[www.devsnews.com/template/mindpress/mindpress/assets/img/counter/01.jpg]
[www.devsnews.com/template/mindpress/mindpress/assets/img/counter/02.jpg]
[www.devsnews.com/template/mindpress/mindpress/assets/img/counter/03.jpg]
[www.devsnews.com/template/mindpress/mindpress/assets/img/counter/04.jpg]
[www.devsnews.com/template/mindpress/mindpress/assets/img/bg/03.jpg]
[www.devsnews.com/template/mindpress/mindpress/assets/img/blog/01.jpg]
[www.devsnews.com/template/mindpress/mindpress/assets/img/blog/03.jpg]
[www.devsnews.com/template/mindpress/mindpress/assets/img/footer/01.jpg]
[www.devsnews.com/template/mindpress/mindpress/assets/img/footer/02.jpg]
[www.devsnews.com/template/mindpress/mindpress/assets/img/footer/01.png]
[www.devsnews.com/cdn-cgi/scripts/5c5dd728/cloudflare-static/email-decode.min.js]
[www.devsnews.com/template/mindpress/mindpress/assets/js/vendor/modernizr-3.5.0.min.js]
[www.devsnews.com/template/mindpress/mindpress/assets/js/vendor/jquery-1.12.4.min.js]
[www.devsnews.com/template/mindpress/mindpress/assets/js/popper.min.js]
[www.devsnews.com/template/mindpress/mindpress/assets/js/bootstrap.min.js]
[www.devsnews.com/template/mindpress/mindpress/assets/js/owl.carousel.min.js]
[www.devsnews.com/template/mindpress/mindpress/assets/js/isotope.pkgd.min.js]
[www.devsnews.com/template/mindpress/mindpress/assets/js/slick.min.js]
[www.devsnews.com/template/mindpress/mindpress/assets/js/jquery.meanmenu.min.js]
[www.devsnews.com/template/mindpress/mindpress/assets/js/ajax-form.js]
[www.devsnews.com/template/mindpress/mindpress/assets/js/wow.min.js]
[www.devsnews.com/template/mindpress/mindpress/assets/js/jquery.knob.js]
[www.devsnews.com/template/mindpress/mindpress/assets/js/jquery.appear.js]
[www.devsnews.com/template/mindpress/mindpress/assets/js/waypoints.min.js]
[www.devsnews.com/template/mindpress/mindpress/assets/js/jquery.counterup.min.js]
[www.devsnews.com/template/mindpress/mindpress/assets/js/jquery.scrollUp.min.js]
[www.devsnews.com/template/mindpress/mindpress/assets/js/imagesloaded.pkgd.min.js]
[www.devsnews.com/template/mindpress/mindpress/assets/js/jquery.magnific-popup.min.js]
[www.devsnews.com/template/mindpress/mindpress/assets/js/plugins.js]
[www.devsnews.com/template/mindpress/mindpress/index.html]
[www.devsnews.com/template/mindpress/mindpress/assets/css/bootstrap.min.css]
[www.devsnews.com/template/mindpress/mindpress/assets/js/main.js]
[www.devsnews.com/template/mindpress/mindpress/assets/css/owl.carousel.min.css]
[www.devsnews.com/template/mindpress/mindpress/assets/css/animate.min.css]
[www.devsnews.com/template/mindpress/mindpress/assets/css/magnific-popup.css]
[www.devsnews.com/template/mindpress/mindpress/assets/fonts/fa-brands-400.eot]
[www.devsnews.com/template/mindpress/mindpress/assets/fonts/fa-brands-400d41d.eot]
[www.devsnews.com/template/mindpress/mindpress/assets/fonts/fa-brands-400.woff2]
[www.devsnews.com/template/mindpress/mindpress/assets/fonts/fa-brands-400.woff]
[www.devsnews.com/template/mindpress/mindpress/assets/fonts/fa-brands-400.ttf]
[www.devsnews.com/template/mindpress/mindpress/assets/fonts/fa-brands-400.svg]
[www.devsnews.com/template/mindpress/mindpress/assets/fonts/fa-duotone-900.eot]
[www.devsnews.com/template/mindpress/mindpress/assets/fonts/fa-duotone-900d41d.eot]
[www.devsnews.com/template/mindpress/mindpress/assets/fonts/fa-duotone-900.woff2]
[www.devsnews.com/template/mindpress/mindpress/assets/fonts/fa-duotone-900.ttf]
[www.devsnews.com/template/mindpress/mindpress/assets/fonts/fa-duotone-900.woff]
[www.devsnews.com/template/mindpress/mindpress/assets/fonts/fa-light-300.eot]
[www.devsnews.com/template/mindpress/mindpress/assets/fonts/fa-light-300d41d.eot]
[www.devsnews.com/template/mindpress/mindpress/assets/fonts/fa-duotone-900.svg]
[www.devsnews.com/template/mindpress/mindpress/assets/fonts/fa-light-300.woff2]
[www.devsnews.com/template/mindpress/mindpress/assets/fonts/fa-light-300.woff]
[www.devsnews.com/template/mindpress/mindpress/assets/fonts/fa-light-300.ttf]
[www.devsnews.com/template/mindpress/mindpress/assets/fonts/fa-light-300.svg]
[www.devsnews.com/template/mindpress/mindpress/assets/fonts/fa-regular-400.eot]
[www.devsnews.com/template/mindpress/mindpress/assets/fonts/fa-regular-400d41d.eot]
[www.devsnews.com/template/mindpress/mindpress/assets/fonts/fa-regular-400.woff2]
[www.devsnews.com/template/mindpress/mindpress/assets/fonts/fa-regular-400.woff]
[www.devsnews.com/template/mindpress/mindpress/assets/fonts/fa-regular-400.ttf]
[www.devsnews.com/template/mindpress/mindpress/assets/fonts/fa-regular-400.svg]
[www.devsnews.com/template/mindpress/mindpress/assets/fonts/fa-solid-900.eot]
[www.devsnews.com/template/mindpress/mindpress/assets/fonts/fa-solid-900d41d.eot]
[www.devsnews.com/template/mindpress/mindpress/assets/fonts/fa-solid-900.woff2]
[www.devsnews.com/template/mindpress/mindpress/assets/fonts/fa-solid-900.woff]
[www.devsnews.com/template/mindpress/mindpress/assets/fonts/fa-solid-900.ttf]
[www.devsnews.com/template/mindpress/mindpress/assets/css/fontawesome-all.min.css]
[www.devsnews.com/template/mindpress/mindpress/assets/fonts/themify9f24.eot]
[www.devsnews.com/template/mindpress/mindpress/assets/fonts/themifyd41d.eot]
[www.devsnews.com/template/mindpress/mindpress/assets/fonts/fa-solid-900.svg]
[www.devsnews.com/template/mindpress/mindpress/assets/fonts/themify9f24.woff]
[www.devsnews.com/template/mindpress/mindpress/assets/fonts/themify9f24.ttf]
[www.devsnews.com/template/mindpress/mindpress/assets/css/themify-icons.css]
[www.devsnews.com/template/mindpress/mindpress/assets/css/meanmenu.css]
[www.devsnews.com/template/mindpress/mindpress/assets/css/slick.css]
[www.devsnews.com/template/mindpress/mindpress/assets/fonts/themify9f24.svg]
[www.devsnews.com/template/mindpress/mindpress/assets/fonts/Flaticon.eot]
[www.devsnews.com/template/mindpress/mindpress/assets/fonts/Flaticond41d.eot]
[www.devsnews.com/template/mindpress/mindpress/assets/fonts/Flaticon.woff2]
[www.devsnews.com/template/mindpress/mindpress/assets/fonts/Flaticon.woff]
[www.devsnews.com/template/mindpress/mindpress/assets/fonts/Flaticon.ttf]
[www.devsnews.com/template/mindpress/mindpress/assets/fonts/Flaticon.svg]
[www.devsnews.com/template/mindpress/mindpress/assets/css/main.css]
[www.devsnews.com/template/mindpress/mindpress/assets/css/responsive.css]
[www.devsnews.com/template/mindpress/mindpress/assets/img/slider/signature.png]
[www.devsnews.com/template/mindpress/mindpress/assets/img/slider/sl-video.jpg]
[www.devsnews.com/template/mindpress/mindpress/assets/img/slider/01.png]
[www.devsnews.com/template/mindpress/mindpress/assets/img/slider/s-01.png]
[www.devsnews.com/template/mindpress/mindpress/assets/img/slider/02.png]
[www.devsnews.com/template/mindpress/mindpress/assets/img/product/01.jpg]
[www.devsnews.com/template/mindpress/mindpress/assets/img/product/02.jpg]
[www.devsnews.com/template/mindpress/mindpress/assets/img/product/03.jpg]
[www.devsnews.com/template/mindpress/mindpress/assets/img/product/04.jpg]
[www.devsnews.com/template/mindpress/mindpress/assets/img/about/111.jpg]
[www.devsnews.com/template/mindpress/mindpress/assets/img/gallery/01.jpg]
[www.devsnews.com/template/mindpress/mindpress/assets/img/gallery/02.jpg]
[www.devsnews.com/template/mindpress/mindpress/assets/img/gallery/03.jpg]
[www.devsnews.com/template/mindpress/mindpress/assets/img/gallery/04.jpg]
[www.devsnews.com/template/mindpress/mindpress/assets/img/gallery/05.jpg]
[www.devsnews.com/template/mindpress/mindpress/assets/img/bg/c-01.jpg]
[www.devsnews.com/template/mindpress/mindpress/assets/img/testimonial/test2.jpg]
[www.devsnews.com/template/mindpress/mindpress/assets/img/testimonial/test1.jpg]
[www.devsnews.com/template/mindpress/mindpress/assets/img/bg/04.jpg]
[www.devsnews.com/template/mindpress/mindpress/assets/img/footer/02.png]
[www.devsnews.com/template/mindpress/mindpress/index-2.html]
[www.devsnews.com/template/mindpress/mindpress/assets/img/logo/white.png]
[www.devsnews.com/template/mindpress/mindpress/assets/img/slider/white.jpg]
[www.devsnews.com/template/mindpress/mindpress/assets/img/about/drjara.jpg]
[www.devsnews.com/template/mindpress/mindpress/assets/img/about/signature.png]
[www.devsnews.com/template/mindpress/mindpress/assets/img/process/line.png]
[www.devsnews.com/template/mindpress/mindpress/assets/img/process/pro1.png]
[www.devsnews.com/template/mindpress/mindpress/assets/img/process/pro2.png]
[www.devsnews.com/template/mindpress/mindpress/assets/img/process/pro3.png]
[www.devsnews.com/template/mindpress/mindpress/assets/img/process/pro4.png]
[www.devsnews.com/template/mindpress/mindpress/assets/img/bg/cta.jpg]
[www.devsnews.com/template/mindpress/mindpress/assets/img/bg/brain.png]
[www.devsnews.com/template/mindpress/mindpress/assets/img/case/case1.jpg]
[www.devsnews.com/template/mindpress/mindpress/assets/img/case/case2.jpg]
[www.devsnews.com/template/mindpress/mindpress/assets/img/case/case3.jpg]
[www.devsnews.com/template/mindpress/mindpress/assets/img/case/case4.jpg]
[www.devsnews.com/template/mindpress/mindpress/assets/img/case/case5.jpg]
[www.devsnews.com/template/mindpress/mindpress/assets/img/bg/sup.jpg]
[www.devsnews.com/template/mindpress/mindpress/assets/img/blog/lb-1.jpg]
[www.devsnews.com/template/mindpress/mindpress/assets/img/blog/author.png]
[www.devsnews.com/template/mindpress/mindpress/assets/img/blog/lb-2.jpg]
[www.devsnews.com/template/mindpress/mindpress/assets/img/footer/03.jpg]
[www.devsnews.com/template/mindpress/mindpress/index-3.html]
[www.devsnews.com/template/mindpress/mindpress/assets/img/slider/slide4.png]
[www.devsnews.com/template/mindpress/mindpress/assets/img/about/about-4.jpg]
[www.devsnews.com/template/mindpress/mindpress/assets/img/bg/cf-1.png]
[www.devsnews.com/template/mindpress/mindpress/assets/img/bg/cta-2.jpg]
[www.devsnews.com/template/mindpress/mindpress/assets/img/bg/skill.jpg]
[www.devsnews.com/template/mindpress/mindpress/assets/img/case/c1.jpg]
[www.devsnews.com/template/mindpress/mindpress/assets/img/case/c2.jpg]
[www.devsnews.com/template/mindpress/mindpress/assets/img/case/c3.jpg]
[www.devsnews.com/template/mindpress/mindpress/assets/img/case/c4.jpg]
[www.devsnews.com/template/mindpress/mindpress/assets/img/testimonial/test-bg.jpg]
[www.devsnews.com/template/mindpress/mindpress/assets/img/bg/06.jpg]
[www.devsnews.com/template/mindpress/mindpress/index-4.html]
[www.devsnews.com/template/mindpress/mindpress/assets/img/bg/page-title.jpg]
[www.devsnews.com/template/mindpress/mindpress/assets/img/about/exp.png]
[www.devsnews.com/template/mindpress/mindpress/assets/img/bg/video.jpg]
[www.devsnews.com/template/mindpress/mindpress/assets/img/services/stab1.jpg]
[www.devsnews.com/template/mindpress/mindpress/assets/img/bg/newsletter.jpg]
[www.devsnews.com/template/mindpress/mindpress/about.html]
[www.devsnews.com/template/mindpress/mindpress/assets/img/services/01.jpg]
[www.devsnews.com/template/mindpress/mindpress/assets/img/services/02.jpg]
[www.devsnews.com/template/mindpress/mindpress/assets/img/services/03.jpg]
[www.devsnews.com/template/mindpress/mindpress/assets/img/services/04.jpg]
[www.devsnews.com/template/mindpress/mindpress/assets/img/services/05.jpg]
[www.devsnews.com/template/mindpress/mindpress/assets/img/services/06.jpg]
[www.devsnews.com/template/mindpress/mindpress/assets/img/about/02.png]
[www.devsnews.com/template/mindpress/mindpress/assets/img/bg/05.jpg]
[www.devsnews.com/template/mindpress/mindpress/services.html]
[www.devsnews.com/template/mindpress/mindpress/assets/img/case/c5.jpg]
[www.devsnews.com/template/mindpress/mindpress/assets/img/case/c6.jpg]
[www.devsnews.com/template/mindpress/mindpress/assets/img/case/c7.jpg]
[www.devsnews.com/template/mindpress/mindpress/assets/img/case/c8.jpg]
[www.devsnews.com/template/mindpress/mindpress/assets/img/process/line-white.png]
[www.devsnews.com/template/mindpress/mindpress/case.html]
[www.devsnews.com/template/mindpress/mindpress/assets/img/case/cd-large.jpg]
[www.devsnews.com/template/mindpress/mindpress/assets/img/case/cd1.jpg]
[www.devsnews.com/template/mindpress/mindpress/assets/img/case/cd2.jpg]
[www.devsnews.com/template/mindpress/mindpress/assets/img/case/cd3.jpg]
[www.devsnews.com/template/mindpress/mindpress/assets/img/case/cd-f.jpg]
[www.devsnews.com/template/mindpress/mindpress/case-details.html]
[www.devsnews.com/template/mindpress/mindpress/assets/img/team/team-1.jpg]
[www.devsnews.com/template/mindpress/mindpress/assets/img/team/team-2.jpg]
[www.devsnews.com/template/mindpress/mindpress/assets/img/team/team-3.jpg]
[www.devsnews.com/template/mindpress/mindpress/assets/img/team/team-4.jpg]
[www.devsnews.com/template/mindpress/mindpress/assets/img/team/team-5.jpg]
[www.devsnews.com/template/mindpress/mindpress/assets/img/team/team-6.jpg]
[www.devsnews.com/template/mindpress/mindpress/team.html]
[www.devsnews.com/template/mindpress/mindpress/assets/img/team/team-d1.jpg]
[www.devsnews.com/template/mindpress/mindpress/assets/img/team/team-d2.jpg]
[www.devsnews.com/template/mindpress/mindpress/team-details.html]
[www.devsnews.com/template/mindpress/mindpress/assets/css/javascript-calendar.css]
[www.devsnews.com/template/mindpress/mindpress/appointment.html]
[www.devsnews.com/template/mindpress/mindpress/assets/js/javascript-calendar.js]
[www.devsnews.com/template/mindpress/mindpress/assets/img/bg/world.png]
[www.devsnews.com/template/mindpress/mindpress/assets/img/bg/faq.jpg]
[www.devsnews.com/template/mindpress/mindpress/faq.html]
[www.devsnews.com/template/mindpress/mindpress/contact.html]
[www.devsnews.com/template/mindpress/mindpress/assets/img/blog/b1.jpg]
[www.devsnews.com/template/mindpress/mindpress/assets/img/blog/b3.jpg]
[www.devsnews.com/template/mindpress/mindpress/assets/img/blog/b2.jpg]
[www.devsnews.com/template/mindpress/mindpress/assets/img/blog/sd1.png]
[www.devsnews.com/template/mindpress/mindpress/assets/img/blog/sd2.png]
[www.devsnews.com/template/mindpress/mindpress/assets/img/blog/sd3.png]
[www.devsnews.com/template/mindpress/mindpress/blog.html]
[www.devsnews.com/template/mindpress/mindpress/assets/img/blog/me.png]
[www.devsnews.com/template/mindpress/mindpress/assets/img/blog/comments1.png]
[www.devsnews.com/template/mindpress/mindpress/assets/img/blog/comments2.png]
[www.devsnews.com/template/mindpress/mindpress/assets/img/blog/comments3.png]
[www.devsnews.com/template/mindpress/mindpress/blog-details.html]
[www.devsnews.com/template/mindpress/mindpress/assets/js/vendor/modernizr-3.5.0.min.js]
[www.devsnews.com/template/mindpress/mindpress/assets/js/vendor/jquery-1.12.4.min.js]
[www.devsnews.com/template/mindpress/mindpress/assets/js/popper.min.js]
[www.devsnews.com/template/mindpress/mindpress/assets/js/bootstrap.min.js]
[www.devsnews.com/template/mindpress/mindpress/assets/js/owl.carousel.min.js]
[www.devsnews.com/template/mindpress/mindpress/assets/js/isotope.pkgd.min.js]
[www.devsnews.com/template/mindpress/mindpress/assets/js/slick.min.js]
[www.devsnews.com/template/mindpress/mindpress/assets/js/jquery.meanmenu.min.js]
[www.devsnews.com/template/mindpress/mindpress/assets/js/ajax-form.js]
[www.devsnews.com/template/mindpress/mindpress/assets/js/wow.min.js]
[www.devsnews.com/template/mindpress/mindpress/assets/js/jquery.knob.js]
[www.devsnews.com/template/mindpress/mindpress/assets/js/jquery.appear.js]
[www.devsnews.com/template/mindpress/mindpress/assets/js/waypoints.min.js]
[www.devsnews.com/template/mindpress/mindpress/assets/js/jquery.counterup.min.js]
[www.devsnews.com/template/mindpress/mindpress/assets/js/jquery.scrollUp.min.js]
[www.devsnews.com/template/mindpress/mindpress/assets/js/imagesloaded.pkgd.min.js]
[www.devsnews.com/template/mindpress/mindpress/assets/js/jquery.magnific-popup.min.js]
[www.devsnews.com/template/mindpress/mindpress/assets/js/plugins.js]
[www.devsnews.com/template/mindpress/mindpress/assets/js/main.js]
[www.devsnews.com/template/mindpress/mindpress/assets/fonts/fa-brands-400.svg]
[www.devsnews.com/template/mindpress/mindpress/assets/fonts/fa-duotone-900.svg]
[www.devsnews.com/template/mindpress/mindpress/assets/fonts/fa-light-300.svg]
[www.devsnews.com/template/mindpress/mindpress/assets/fonts/fa-regular-400.svg]
[www.devsnews.com/template/mindpress/mindpress/assets/fonts/fa-solid-900.svg]
[www.devsnews.com/template/mindpress/mindpress/assets/fonts/themify9f24.svg]
[www.devsnews.com/template/mindpress/mindpress/assets/fonts/Flaticon.svg]
[www.devsnews.com/template/mindpress/mindpress/assets/css/javascript-calendar.css]
[www.devsnews.com/template/mindpress/mindpress/assets/js/javascript-calendar.js]
