[backblue.gif]
[fade.gif]
[index.html]
[preview.itgeeksin.com/baby-house-html/demo2/assets/img/favicon.ico]
[preview.itgeeksin.com/baby-house-html/demo2/assets/img/preloader-img.png]
[preview.itgeeksin.com/baby-house-html/demo2/assets/img/logo.png]
[preview.itgeeksin.com/baby-house-html/demo2/assets/img/slider/main-1.jpg]
[preview.itgeeksin.com/baby-house-html/demo2/assets/img/slider/main-xs-1.jpg]
[preview.itgeeksin.com/baby-house-html/demo2/assets/img/slider/main-2.jpg]
[preview.itgeeksin.com/baby-house-html/demo2/assets/img/slider/main-xs-2.jpg]
[preview.itgeeksin.com/baby-house-html/demo2/assets/img/slider/main-3.jpg]
[preview.itgeeksin.com/baby-house-html/demo2/assets/img/slider/main-xs-3.jpg]
[preview.itgeeksin.com/baby-house-html/demo2/assets/img/slider/About-us-1.jpg]
[preview.itgeeksin.com/baby-house-html/demo2/assets/img/slider/About-us-2.jpg]
[preview.itgeeksin.com/baby-house-html/demo2/assets/img/slider/About-us-3.jpg]
[preview.itgeeksin.com/baby-house-html/demo2/assets/img/slider/About-us-4.jpg]
[preview.itgeeksin.com/baby-house-html/demo2/assets/img/slider/facilities-1.jpg]
[preview.itgeeksin.com/baby-house-html/demo2/assets/img/slider/facilities-2.jpg]
[preview.itgeeksin.com/baby-house-html/demo2/assets/img/slider/facilities-3.jpg]
[preview.itgeeksin.com/baby-house-html/demo2/assets/img/slider/facilities-4.jpg]
[preview.itgeeksin.com/baby-house-html/demo2/assets/img/gallery/1.jpg]
[preview.itgeeksin.com/baby-house-html/demo2/assets/img/fancy-box/4.jpg]
[preview.itgeeksin.com/baby-house-html/demo2/assets/img/gallery/2.jpg]
[preview.itgeeksin.com/baby-house-html/demo2/assets/img/fancy-box/6.jpg]
[preview.itgeeksin.com/baby-house-html/demo2/assets/img/gallery/3.jpg]
[preview.itgeeksin.com/baby-house-html/demo2/assets/img/gallery/16.jpg]
[preview.itgeeksin.com/baby-house-html/demo2/assets/img/fancy-box/3.jpg]
[preview.itgeeksin.com/baby-house-html/demo2/assets/img/gallery/4.jpg]
[preview.itgeeksin.com/baby-house-html/demo2/assets/img/gallery/8.jpg]
[preview.itgeeksin.com/baby-house-html/demo2/assets/img/fancy-box/7.jpg]
[preview.itgeeksin.com/baby-house-html/demo2/assets/img/teachers/1.jpg]
[preview.itgeeksin.com/baby-house-html/demo2/assets/img/teachers/2.jpg]
[preview.itgeeksin.com/baby-house-html/demo2/assets/img/teachers/3.jpg]
[preview.itgeeksin.com/baby-house-html/demo2/assets/img/feedback/1.jpg]
[preview.itgeeksin.com/baby-house-html/demo2/assets/img/feedback/2.jpg]
[preview.itgeeksin.com/baby-house-html/demo2/assets/img/feedback/3.jpg]
[preview.itgeeksin.com/baby-house-html/demo2/assets/img/blog/1.jpg]
[preview.itgeeksin.com/baby-house-html/demo2/assets/img/blog/2.jpg]
[preview.itgeeksin.com/baby-house-html/demo2/assets/img/blog/3.jpg]
[preview.itgeeksin.com/baby-house-html/demo2/assets/img/partner/4.png]
[preview.itgeeksin.com/baby-house-html/demo2/assets/img/partner/5.png]
[preview.itgeeksin.com/baby-house-html/demo2/assets/img/partner/6.png]
[preview.itgeeksin.com/baby-house-html/demo2/assets/img/partner/7.png]
[preview.itgeeksin.com/baby-house-html/demo2/assets/img/partner/8.png]
[preview.itgeeksin.com/baby-house-html/demo2/assets/img/all/foot-001 (1).jpg]
[preview.itgeeksin.com/baby-house-html/demo2/assets/img/all/foot-001 (2).jpg]
[preview.itgeeksin.com/baby-house-html/demo2/assets/img/all/foot-001 (3).jpg]
[preview.itgeeksin.com/baby-house-html/demo2/assets/img/all/foot-001 (4).jpg]
[preview.itgeeksin.com/baby-house-html/demo2/assets/img/all/foot-001 (5).jpg]
[preview.itgeeksin.com/baby-house-html/demo2/assets/img/all/foot-001 (6).jpg]
[preview.itgeeksin.com/baby-house-html/demo2/assets/img/all/foot-001 (7).jpg]
[preview.itgeeksin.com/baby-house-html/demo2/assets/img/all/foot-001 (8).jpg]
[preview.itgeeksin.com/baby-house-html/demo2/assets/js/jquery.min.js]
[preview.itgeeksin.com/baby-house-html/demo2/assets/js/bootstrap.min.js]
[preview.itgeeksin.com/baby-house-html/demo2/assets/plugin/megamenu/js/hover-dropdown-menu.js]
[preview.itgeeksin.com/baby-house-html/demo2/assets/plugin/megamenu/js/jquery.hover-dropdown-menu-addon.js]
[preview.itgeeksin.com/baby-house-html/demo2/assets/plugin/owl-carousel/js/owl.carousel.min.js]
[preview.itgeeksin.com/baby-house-html/demo2/assets/plugin/fancyBox/js/jquery.fancybox.pack.js]
[preview.itgeeksin.com/baby-house-html/demo2/assets/plugin/fancyBox/js/jquery.fancybox-media.js]
[preview.itgeeksin.com/baby-house-html/demo2/assets/js/main.js]
[preview.itgeeksin.com/baby-house-html/demo2/index.html]
[preview.itgeeksin.com/baby-house-html/demo2/main.css]
[preview.itgeeksin.com/baby-house-html/demo2/assets/img/all/about.jpg]
[preview.itgeeksin.com/baby-house-html/demo2/about-us.html]
[preview.itgeeksin.com/baby-house-html/demo2/assets/plugin/appear/js/jquery.appear.js]
[preview.itgeeksin.com/baby-house-html/demo2/staff-detail.html]
[preview.itgeeksin.com/baby-house-html/demo2/assets/img/gallery/5.jpg]
[preview.itgeeksin.com/baby-house-html/demo2/assets/img/gallery/6.jpg]
[preview.itgeeksin.com/baby-house-html/demo2/assets/img/fancy-box/5.jpg]
[preview.itgeeksin.com/baby-house-html/demo2/assets/img/gallery/9.jpg]
[preview.itgeeksin.com/baby-house-html/demo2/assets/img/fancy-box/8.jpg]
[preview.itgeeksin.com/baby-house-html/demo2/assets/img/gallery/10.jpg]
[preview.itgeeksin.com/baby-house-html/demo2/assets/img/fancy-box/9.jpg]
[preview.itgeeksin.com/baby-house-html/demo2/assets/img/gallery/11.jpg]
[preview.itgeeksin.com/baby-house-html/demo2/assets/img/fancy-box/10.jpg]
[preview.itgeeksin.com/baby-house-html/demo2/assets/img/gallery/12.jpg]
[preview.itgeeksin.com/baby-house-html/demo2/assets/img/fancy-box/11.jpg]
[preview.itgeeksin.com/baby-house-html/demo2/assets/img/gallery/13.jpg]
[preview.itgeeksin.com/baby-house-html/demo2/assets/img/fancy-box/12.jpg]
[preview.itgeeksin.com/baby-house-html/demo2/assets/img/gallery/14.jpg]
[preview.itgeeksin.com/baby-house-html/demo2/assets/img/fancy-box/1.jpg]
[preview.itgeeksin.com/baby-house-html/demo2/assets/img/gallery/15.jpg]
[preview.itgeeksin.com/baby-house-html/demo2/assets/img/fancy-box/2.jpg]
[preview.itgeeksin.com/baby-house-html/demo2/gallery.html]
[preview.itgeeksin.com/baby-house-html/demo2/assets/img/all/Error.png]
[preview.itgeeksin.com/baby-house-html/demo2/error.html]
[preview.itgeeksin.com/baby-house-html/demo2/register.html]
[preview.itgeeksin.com/baby-house-html/demo2/comming-soon.html]
[preview.itgeeksin.com/baby-house-html/demo2/service.html]
[preview.itgeeksin.com/baby-house-html/demo2/assets/img/all/service.jpg]
[preview.itgeeksin.com/baby-house-html/demo2/assets/img/blog/side-1.jpg]
[preview.itgeeksin.com/baby-house-html/demo2/assets/img/blog/side-2.jpg]
[preview.itgeeksin.com/baby-house-html/demo2/assets/img/blog/side-3.jpg]
[preview.itgeeksin.com/baby-house-html/demo2/assets/img/blog/side-4.jpg]
[preview.itgeeksin.com/baby-house-html/demo2/service-detail.html]
[preview.itgeeksin.com/baby-house-html/demo2/assets/img/blog/4.jpg]
[preview.itgeeksin.com/baby-house-html/demo2/assets/img/blog/5.jpg]
[preview.itgeeksin.com/baby-house-html/demo2/assets/img/blog/6.jpg]
[preview.itgeeksin.com/baby-house-html/demo2/assets/img/blog/7.jpg]
[preview.itgeeksin.com/baby-house-html/demo2/assets/img/blog/8.jpg]
[preview.itgeeksin.com/baby-house-html/demo2/assets/img/blog/9.jpg]
[preview.itgeeksin.com/baby-house-html/demo2/blog-style-1.html]
[preview.itgeeksin.com/baby-house-html/demo2/assets/img/blog/10.jpg]
[preview.itgeeksin.com/baby-house-html/demo2/assets/img/blog/11.jpg]
[preview.itgeeksin.com/baby-house-html/demo2/assets/img/blog/12.jpg]
[preview.itgeeksin.com/baby-house-html/demo2/assets/img/blog/13.jpg]
[preview.itgeeksin.com/baby-house-html/demo2/assets/img/blog/14.jpg]
[preview.itgeeksin.com/baby-house-html/demo2/assets/img/blog/15.jpg]
[preview.itgeeksin.com/baby-house-html/demo2/blog-style-2.html]
[preview.itgeeksin.com/baby-house-html/demo2/blog-style-3.html]
[preview.itgeeksin.com/baby-house-html/demo2/assets/img/all/comment-1.jpg]
[preview.itgeeksin.com/baby-house-html/demo2/assets/img/all/comment-2.jpg]
[preview.itgeeksin.com/baby-house-html/demo2/assets/img/all/comment-3.jpg]
[preview.itgeeksin.com/baby-house-html/demo2/assets/img/all/comment-4.jpg]
[preview.itgeeksin.com/baby-house-html/demo2/blog-single-sidebar.html]
[preview.itgeeksin.com/baby-house-html/demo2/blog-single-full-width.html]
[preview.itgeeksin.com/baby-house-html/demo2/assets/plugin/acordian/js/jquery-ui.js]
[preview.itgeeksin.com/baby-house-html/demo2/faq.html]
[preview.itgeeksin.com/baby-house-html/demo2/contact.html]
[preview.itgeeksin.com/baby-house-html/demo2/assets/fonts/glyphicons-halflings-regular.eot]
[preview.itgeeksin.com/baby-house-html/demo2/assets/fonts/glyphicons-halflings-regulard41d.eot]
[preview.itgeeksin.com/baby-house-html/demo2/assets/fonts/glyphicons-halflings-regular.woff2]
[preview.itgeeksin.com/baby-house-html/demo2/assets/fonts/glyphicons-halflings-regular.woff]
[preview.itgeeksin.com/baby-house-html/demo2/assets/fonts/glyphicons-halflings-regular.ttf]
[preview.itgeeksin.com/baby-house-html/demo2/assets/css/bootstrap.min.css]
[preview.itgeeksin.com/baby-house-html/demo2/assets/plugin/megamenu/css/hover-dropdown-menu.css]
[preview.itgeeksin.com/baby-house-html/demo2/assets/plugin/fancyBox/css/fancybox_sprite.png]
[preview.itgeeksin.com/baby-house-html/demo2/assets/plugin/fancyBox/css/fancybox_loading.gif]
[preview.itgeeksin.com/baby-house-html/demo2/assets/plugin/fancyBox/css/blank.gif]
[preview.itgeeksin.com/baby-house-html/demo2/assets/plugin/fancyBox/css/fancybox_overlay.png]
[preview.itgeeksin.com/baby-house-html/demo2/assets/plugin/fancyBox/css/fancybox_sprite@2x.png]
[preview.itgeeksin.com/baby-house-html/demo2/assets/plugin/fancyBox/css/fancybox_loading@2x.gif]
[preview.itgeeksin.com/baby-house-html/demo2/assets/plugin/fancyBox/css/jquery.fancybox.css]
[preview.itgeeksin.com/baby-house-html/demo2/assets/plugin/acordian/css/images/ui-icons_444444_256x240.png]
[preview.itgeeksin.com/baby-house-html/demo2/assets/plugin/acordian/css/images/ui-icons_ffffff_256x240.png]
[preview.itgeeksin.com/baby-house-html/demo2/assets/plugin/acordian/css/jquery-ui.css]
[preview.itgeeksin.com/baby-house-html/demo2/assets/plugin/owl-carousel/css/owl.video.play.png]
[preview.itgeeksin.com/baby-house-html/demo2/assets/plugin/owl-carousel/css/owl.carousel.css]
[preview.itgeeksin.com/baby-house-html/demo2/assets/plugin/owl-carousel/css/owl.theme.default.css]
[preview.itgeeksin.com/baby-house-html/demo2/assets/plugin/font-awesome/fonts/fontawesome-webfont3e6e.eot]
[preview.itgeeksin.com/baby-house-html/demo2/assets/plugin/font-awesome/fonts/fontawesome-webfontd41d.eot]
[preview.itgeeksin.com/baby-house-html/demo2/assets/plugin/font-awesome/fonts/fontawesome-webfont3e6e.woff2]
[preview.itgeeksin.com/baby-house-html/demo2/assets/plugin/font-awesome/fonts/fontawesome-webfont3e6e.woff]
[preview.itgeeksin.com/baby-house-html/demo2/assets/plugin/font-awesome/fonts/fontawesome-webfont3e6e.ttf]
[preview.itgeeksin.com/baby-house-html/demo2/assets/plugin/font-awesome/css/font-awesome.min.css]
[preview.itgeeksin.com/baby-house-html/demo2/assets/plugin/iconfonts/css/fonts/linea-arrows-10.eot]
[preview.itgeeksin.com/baby-house-html/demo2/assets/plugin/iconfonts/css/fonts/linea-arrows-10d41d.eot]
[preview.itgeeksin.com/baby-house-html/demo2/assets/plugin/iconfonts/css/fonts/linea-arrows-10.woff]
[preview.itgeeksin.com/baby-house-html/demo2/assets/plugin/iconfonts/css/fonts/linea-arrows-10.ttf]
[preview.itgeeksin.com/baby-house-html/demo2/assets/plugin/iconfonts/css/fonts/linea-basic-10.eot]
[preview.itgeeksin.com/baby-house-html/demo2/assets/plugin/iconfonts/css/fonts/linea-basic-10d41d.eot]
[preview.itgeeksin.com/baby-house-html/demo2/assets/plugin/iconfonts/css/fonts/linea-basic-10.woff]
[preview.itgeeksin.com/baby-house-html/demo2/assets/plugin/iconfonts/css/fonts/linea-basic-10.ttf]
[preview.itgeeksin.com/baby-house-html/demo2/assets/plugin/iconfonts/css/fonts/linea-basic-elaboration-10.eot]
[preview.itgeeksin.com/baby-house-html/demo2/assets/plugin/iconfonts/css/fonts/linea-basic-elaboration-10d41d.eot]
[preview.itgeeksin.com/baby-house-html/demo2/assets/plugin/iconfonts/css/fonts/linea-basic-elaboration-10.woff]
[preview.itgeeksin.com/baby-house-html/demo2/assets/plugin/iconfonts/css/fonts/linea-basic-elaboration-10.ttf]
[preview.itgeeksin.com/baby-house-html/demo2/assets/plugin/iconfonts/css/fonts/linea-ecommerce-10.eot]
[preview.itgeeksin.com/baby-house-html/demo2/assets/plugin/iconfonts/css/fonts/linea-ecommerce-10d41d.eot]
[preview.itgeeksin.com/baby-house-html/demo2/assets/plugin/iconfonts/css/fonts/linea-ecommerce-10.woff]
[preview.itgeeksin.com/baby-house-html/demo2/assets/plugin/iconfonts/css/fonts/linea-ecommerce-10.ttf]
[preview.itgeeksin.com/baby-house-html/demo2/assets/plugin/iconfonts/css/fonts/linea-music-10.eot]
[preview.itgeeksin.com/baby-house-html/demo2/assets/plugin/iconfonts/css/fonts/linea-music-10d41d.eot]
[preview.itgeeksin.com/baby-house-html/demo2/assets/plugin/iconfonts/css/fonts/linea-music-10.woff]
[preview.itgeeksin.com/baby-house-html/demo2/assets/plugin/iconfonts/css/fonts/linea-music-10.ttf]
[preview.itgeeksin.com/baby-house-html/demo2/assets/plugin/iconfonts/css/fonts/linea-software-10.eot]
[preview.itgeeksin.com/baby-house-html/demo2/assets/plugin/iconfonts/css/fonts/linea-software-10d41d.eot]
[preview.itgeeksin.com/baby-house-html/demo2/assets/plugin/iconfonts/css/fonts/linea-software-10.woff]
[preview.itgeeksin.com/baby-house-html/demo2/assets/plugin/iconfonts/css/fonts/linea-software-10.ttf]
[preview.itgeeksin.com/baby-house-html/demo2/assets/plugin/iconfonts/css/fonts/linea-weather-10.eot]
[preview.itgeeksin.com/baby-house-html/demo2/assets/plugin/iconfonts/css/fonts/linea-weather-10d41d.eot]
[preview.itgeeksin.com/baby-house-html/demo2/assets/plugin/iconfonts/css/fonts/linea-weather-10.woff]
[preview.itgeeksin.com/baby-house-html/demo2/assets/plugin/iconfonts/css/fonts/linea-weather-10.ttf]
[preview.itgeeksin.com/baby-house-html/demo2/assets/plugin/iconfonts/css/iconfont.css]
[preview.itgeeksin.com/baby-house-html/demo2/assets/plugin/hover-effect/css/themeHover.css]
[preview.itgeeksin.com/baby-house-html/demo2/assets/plugin/animate/css/animate.css]
[preview.itgeeksin.com/baby-house-html/demo2/assets/img/background/bg-transparent.png]
[preview.itgeeksin.com/baby-house-html/demo2/assets/img/bg-bottom-img.png]
[preview.itgeeksin.com/baby-house-html/demo2/assets/img/bg-top-img.png]
[preview.itgeeksin.com/baby-house-html/demo2/assets/img/background/breadcrumb.jpg]
[preview.itgeeksin.com/baby-house-html/demo2/assets/img/background/comming-soon.jpg]
[preview.itgeeksin.com/baby-house-html/demo2/assets/img/background/footer-background.jpg]
[preview.itgeeksin.com/baby-house-html/demo2/assets/css/style.css]
[preview.itgeeksin.com/baby-house-html/demo2/assets/css/responsive.css]
[preview.itgeeksin.com/baby-house-html/demo2/assets/css/color.css]
[preview.itgeeksin.com/baby-house-html/demo2/assets/fonts/glyphicons-halflings-regular.svg]
[preview.itgeeksin.com/baby-house-html/demo2/assets/plugin/font-awesome/fonts/fontawesome-webfont3e6e.svg]
[preview.itgeeksin.com/baby-house-html/demo2/assets/plugin/iconfonts/css/fonts/linea-arrows-10.svg]
[preview.itgeeksin.com/baby-house-html/demo2/assets/plugin/iconfonts/css/fonts/linea-basic-10.svg]
[preview.itgeeksin.com/baby-house-html/demo2/assets/plugin/iconfonts/css/fonts/linea-basic-elaboration-10.svg]
[preview.itgeeksin.com/baby-house-html/demo2/assets/plugin/iconfonts/css/fonts/linea-ecommerce-10.svg]
[preview.itgeeksin.com/baby-house-html/demo2/assets/plugin/iconfonts/css/fonts/linea-music-10.svg]
[preview.itgeeksin.com/baby-house-html/demo2/assets/plugin/iconfonts/css/fonts/linea-software-10.svg]
[preview.itgeeksin.com/baby-house-html/demo2/assets/plugin/iconfonts/css/fonts/linea-weather-10.svg]
[preview.itgeeksin.com/baby-house-html/demo2/assets/plugin/acordian/css/images/ui-icons_777620_256x240.html]
[preview.itgeeksin.com/baby-house-html/demo2/assets/plugin/acordian/css/images/ui-icons_cc0000_256x240.html]
[preview.itgeeksin.com/baby-house-html/demo2/assets/plugin/acordian/css/images/ui-icons_777777_256x240.html]
